I'm sorry, but errors were detected in your script. Please correct the
errors listed below, and try again.


File "game/Scripts/office.rpy", line 163: expected statement.
    is_talking = true
               ^

File "game/Scripts/office.rpy", line 166: expected statement.
    is_talking = false
               ^

Ren'Py Version: Ren'Py 8.2.1.24030407
Sun Apr  7 08:51:22 2024
